2026-09-08 01:33:52,746 INFO o.a.j.u.JMeterUtils: Setting Locale to en_EN
2026-09-08 01:33:52,769 INFO o.a.j.JMeter: Loading user properties from: /opt/apache-jmeter-5.5/bin/user.properties
2026-09-08 01:33:52,770 INFO o.a.j.JMeter: Loading system properties from: /opt/apache-jmeter-5.5/bin/system.properties
2026-09-08 01:33:52,770 INFO o.a.j.JMeter: Setting System property: log4j2.formatMsgNoLookups=true
2026-09-08 01:33:52,779 INFO o.a.j.JMeter: Copyright (c) 1998-2022 The Apache Software Foundation
2026-09-08 01:33:52,780 INFO o.a.j.JMeter: Version 5.5
2026-09-08 01:33:52,780 INFO o.a.j.JMeter: java.version=1.8.0_275
2026-09-08 01:33:52,780 INFO o.a.j.JMeter: java.vm.name=OpenJDK 64-Bit Server VM
2026-09-08 01:33:52,781 INFO o.a.j.JMeter: os.name=Linux
2026-09-08 01:33:52,781 INFO o.a.j.JMeter: os.arch=amd64
2026-09-08 01:33:52,781 INFO o.a.j.JMeter: os.version=6.6.87.2-microsoft-standard-WSL2
2026-09-08 01:33:52,782 INFO o.a.j.JMeter: file.encoding=UTF-8
2026-09-08 01:33:52,782 INFO o.a.j.JMeter: java.awt.headless=true
2026-09-08 01:33:52,782 INFO o.a.j.JMeter: Max memory     =7239368704
2026-09-08 01:33:52,783 INFO o.a.j.JMeter: Available Processors =20
2026-09-08 01:33:52,789 INFO o.a.j.JMeter: Default Locale=English (EN)
2026-09-08 01:33:52,790 INFO o.a.j.JMeter: JMeter  Locale=English (EN)
2026-09-08 01:33:52,790 INFO o.a.j.JMeter: JMeterHome=/opt/apache-jmeter-5.5
2026-09-08 01:33:52,790 INFO o.a.j.JMeter: user.dir  =/opt/apache-jmeter-5.5
2026-09-08 01:33:52,791 INFO o.a.j.JMeter: PWD       =/opt/apache-jmeter-5.5
2026-09-08 01:33:52,792 INFO o.a.j.JMeter: IP: 172.17.0.2 Name: 2c3a908564b3 FullName: 2c3a908564b3
2026-09-08 01:33:52,816 INFO o.a.j.JMeter: Setting property 'jmeter.reportgenerator.outputdir' to:'/tests/html_report'
2026-09-08 01:33:52,821 INFO o.a.j.s.FileServer: Default base='/opt/apache-jmeter-5.5'
2026-09-08 01:33:52,823 INFO o.a.j.s.FileServer: Set new base='/tests'
2026-09-08 01:33:52,954 INFO o.a.j.s.SaveService: Testplan (JMX) version: 2.2. Testlog (JTL) version: 2.2
2026-09-08 01:33:52,971 INFO o.a.j.s.SaveService: Using SaveService properties file encoding UTF-8
2026-09-08 01:33:52,976 INFO o.a.j.s.SaveService: Using SaveService properties version 5.0
2026-09-08 01:33:52,983 INFO o.a.j.s.SaveService: Loading file: /tests/CuidartePlus_CP05.jmx
2026-09-08 01:33:53,045 INFO o.a.j.p.h.s.HTTPSamplerBase: Parser for text/html is org.apache.jmeter.protocol.http.parser.LagartoBasedHtmlParser
2026-09-08 01:33:53,045 INFO o.a.j.p.h.s.HTTPSamplerBase: Parser for application/xhtml+xml is org.apache.jmeter.protocol.http.parser.LagartoBasedHtmlParser
2026-09-08 01:33:53,046 INFO o.a.j.p.h.s.HTTPSamplerBase: Parser for application/xml is org.apache.jmeter.protocol.http.parser.LagartoBasedHtmlParser
2026-09-08 01:33:53,046 INFO o.a.j.p.h.s.HTTPSamplerBase: Parser for text/xml is org.apache.jmeter.protocol.http.parser.LagartoBasedHtmlParser
2026-09-08 01:33:53,047 INFO o.a.j.p.h.s.HTTPSamplerBase: Parser for text/vnd.wap.wml is org.apache.jmeter.protocol.http.parser.RegexpHTMLParser
2026-09-08 01:33:53,047 INFO o.a.j.p.h.s.HTTPSamplerBase: Parser for text/css is org.apache.jmeter.protocol.http.parser.CssParser
2026-09-08 01:33:53,362 INFO o.a.j.JMeter: Creating summariser <summary>
2026-09-08 01:33:53,372 INFO o.a.j.r.d.ReportGenerator: ReportGenerator will use for Parsing the separator: ','
2026-09-08 01:33:53,373 INFO o.a.j.r.d.ReportGenerator: Will generate report at end of test from  results file: /tests/results_cp05.jtl
2026-09-08 01:33:53,374 INFO o.a.j.r.d.ReportGenerator: Reading report generator properties from: /opt/apache-jmeter-5.5/bin/reportgenerator.properties
2026-09-08 01:33:53,374 INFO o.a.j.r.d.ReportGenerator: Merging with JMeter properties
2026-09-08 01:33:53,379 INFO o.a.j.r.c.ReportGeneratorConfiguration: Property 'jmeter.reportgenerator.temp_dir' not found, using default value 'temp' instead.
2026-09-08 01:33:53,383 INFO o.a.j.r.c.ReportGeneratorConfiguration: Property 'jmeter.reportgenerator.apdex_per_transaction' not found, using default value 'null' instead.
2026-09-08 01:33:53,384 INFO o.a.j.r.c.ReportGeneratorConfiguration: apdex_per_transaction is empty, not APDEX per transaction customization
2026-09-08 01:33:53,384 INFO o.a.j.r.c.ReportGeneratorConfiguration: Property 'jmeter.reportgenerator.sample_filter' not found, using default value 'null' instead.
2026-09-08 01:33:53,385 INFO o.a.j.r.c.ReportGeneratorConfiguration: Property 'jmeter.reportgenerator.report_title' not found, using default value 'null' instead.
2026-09-08 01:33:53,385 INFO o.a.j.r.c.ReportGeneratorConfiguration: Property 'jmeter.reportgenerator.start_date' not found, using default value 'null' instead.
2026-09-08 01:33:53,385 INFO o.a.j.r.c.ReportGeneratorConfiguration: Property 'jmeter.reportgenerator.end_date' not found, using default value 'null' instead.
2026-09-08 01:33:53,385 INFO o.a.j.r.c.ReportGeneratorConfiguration: Property 'jmeter.reportgenerator.date_format' not found, using default value 'null' instead.
2026-09-08 01:33:53,386 INFO o.a.j.r.c.ReportGeneratorConfiguration: Will use date range start date: null, end date: null
2026-09-08 01:33:53,391 INFO o.a.j.r.c.ReportGeneratorConfiguration: Property 'jmeter.reportgenerator.graph.totalTPS.exclude_controllers' not found, using default value 'false' instead.
2026-09-08 01:33:53,392 INFO o.a.j.r.c.ReportGeneratorConfiguration: Property 'jmeter.reportgenerator.graph.activeThreadsOverTime.exclude_controllers' not found, using default value 'false' instead.
2026-09-08 01:33:53,392 INFO o.a.j.r.c.ReportGeneratorConfiguration: Property 'jmeter.reportgenerator.graph.timeVsThreads.exclude_controllers' not found, using default value 'false' instead.
2026-09-08 01:33:53,393 INFO o.a.j.r.c.ReportGeneratorConfiguration: Property 'jmeter.reportgenerator.graph.responseTimeDistribution.exclude_controllers' not found, using default value 'false' instead.
2026-09-08 01:33:53,393 INFO o.a.j.r.c.ReportGeneratorConfiguration: Property 'jmeter.reportgenerator.graph.transactionsPerSecond.exclude_controllers' not found, using default value 'false' instead.
2026-09-08 01:33:53,394 INFO o.a.j.r.c.ReportGeneratorConfiguration: Property 'jmeter.reportgenerator.graph.responseTimePercentiles.exclude_controllers' not found, using default value 'false' instead.
2026-09-08 01:33:53,394 INFO o.a.j.r.c.ReportGeneratorConfiguration: Property 'jmeter.reportgenerator.graph.responseTimePercentilesOverTime.exclude_controllers' not found, using default value 'false' instead.
2026-09-08 01:33:53,395 INFO o.a.j.r.c.ReportGeneratorConfiguration: Property 'jmeter.reportgenerator.graph.responseTimesOverTime.exclude_controllers' not found, using default value 'false' instead.
2026-09-08 01:33:53,395 INFO o.a.j.r.c.ReportGeneratorConfiguration: Property 'jmeter.reportgenerator.graph.connectTimeOverTime.exclude_controllers' not found, using default value 'false' instead.
2026-09-08 01:33:53,396 INFO o.a.j.r.c.ReportGeneratorConfiguration: Property 'jmeter.reportgenerator.graph.latenciesOverTime.exclude_controllers' not found, using default value 'false' instead.
2026-09-08 01:33:53,397 INFO o.a.j.r.c.ReportGeneratorConfiguration: Property 'jmeter.reportgenerator.exporter.json.filters_only_sample_series' not found, using default value 'true' instead.
2026-09-08 01:33:53,398 INFO o.a.j.r.c.ReportGeneratorConfiguration: Property 'jmeter.reportgenerator.exporter.json.series_filter' not found, using default value '' instead.
2026-09-08 01:33:53,398 INFO o.a.j.r.c.ReportGeneratorConfiguration: Property 'jmeter.reportgenerator.exporter.json.show_controllers_only' not found, using default value 'false' instead.
2026-09-08 01:33:53,399 INFO o.a.j.r.c.ReportGeneratorConfiguration: Property 'jmeter.reportgenerator.exporter.html.filters_only_sample_series' not found, using default value 'true' instead.
2026-09-08 01:33:53,399 INFO o.a.j.r.c.ReportGeneratorConfiguration: Property 'jmeter.reportgenerator.exporter.html.series_filter' not found, using default value '' instead.
2026-09-08 01:33:53,399 INFO o.a.j.r.c.ReportGeneratorConfiguration: Property 'jmeter.reportgenerator.exporter.html.show_controllers_only' not found, using default value 'false' instead.
2026-09-08 01:33:53,407 INFO o.a.j.e.StandardJMeterEngine: Running the test!
2026-09-08 01:33:53,408 INFO o.a.j.s.SampleEvent: List of sample_variables: []
2026-09-08 01:33:53,408 INFO o.a.j.s.SampleEvent: List of sample_variables: []
2026-09-08 01:33:53,415 INFO o.a.j.e.u.CompoundVariable: Note: Function class names must contain the string: '.functions.'
2026-09-08 01:33:53,415 INFO o.a.j.e.u.CompoundVariable: Note: Function class names must not contain the string: '.gui.'
2026-09-08 01:33:53,755 INFO o.a.j.JMeter: Running test (1788824033755)
2026-09-08 01:33:53,870 INFO o.a.j.e.StandardJMeterEngine: Starting ThreadGroup: 1 : TG-A NFR-PERF-1 20VU
2026-09-08 01:33:53,870 INFO o.a.j.e.StandardJMeterEngine: Starting 20 threads for group TG-A NFR-PERF-1 20VU.
2026-09-08 01:33:53,871 INFO o.a.j.e.StandardJMeterEngine: Thread will continue on error
2026-09-08 01:33:53,872 INFO o.a.j.t.ThreadGroup: Starting thread group... number=1 threads=20 ramp-up=15 delayedStart=false
2026-09-08 01:33:53,884 INFO o.a.j.t.JMeterThread: Thread started: TG-A NFR-PERF-1 20VU 1-1
2026-09-08 01:33:53,899 INFO o.a.j.t.ThreadGroup: Started thread group number 1
2026-09-08 01:33:53,899 INFO o.a.j.e.StandardJMeterEngine: Waiting for thread group: TG-A NFR-PERF-1 20VU to finish before starting next group
2026-09-08 01:33:53,921 INFO o.a.j.p.h.s.HTTPHCAbstractImpl: Local host = 2c3a908564b3
2026-09-08 01:33:53,935 INFO o.a.j.p.h.s.HTTPHC4Impl: HTTP request retry count = 0
2026-09-08 01:33:53,939 INFO o.a.j.s.SampleResult: Note: Sample TimeStamps are START times
2026-09-08 01:33:53,940 INFO o.a.j.s.SampleResult: sampleresult.default.encoding is set to ISO-8859-1
2026-09-08 01:33:53,940 INFO o.a.j.s.SampleResult: sampleresult.useNanoTime=true
2026-09-08 01:33:53,941 INFO o.a.j.s.SampleResult: sampleresult.nanoThreadSleep=5000
2026-09-08 01:33:54,627 INFO o.a.j.t.JMeterThread: Thread started: TG-A NFR-PERF-1 20VU 1-2
2026-09-08 01:33:55,375 INFO o.a.j.t.JMeterThread: Thread started: TG-A NFR-PERF-1 20VU 1-3
2026-09-08 01:33:56,125 INFO o.a.j.t.JMeterThread: Thread started: TG-A NFR-PERF-1 20VU 1-4
2026-09-08 01:33:56,875 INFO o.a.j.t.JMeterThread: Thread started: TG-A NFR-PERF-1 20VU 1-5
2026-09-08 01:33:57,625 INFO o.a.j.t.JMeterThread: Thread started: TG-A NFR-PERF-1 20VU 1-6
2026-09-08 01:33:58,375 INFO o.a.j.t.JMeterThread: Thread started: TG-A NFR-PERF-1 20VU 1-7
2026-09-08 01:33:59,125 INFO o.a.j.t.JMeterThread: Thread started: TG-A NFR-PERF-1 20VU 1-8
2026-09-08 01:33:59,874 INFO o.a.j.t.JMeterThread: Thread started: TG-A NFR-PERF-1 20VU 1-9
2026-09-08 01:34:00,403 INFO o.a.j.r.Summariser: summary +     12 in 00:00:07 =    1.8/s Avg:  1267 Min:     8 Max:  5010 Err:     0 (0.00%) Active: 9 Started: 9 Finished: 0
2026-09-08 01:34:00,624 INFO o.a.j.t.JMeterThread: Thread started: TG-A NFR-PERF-1 20VU 1-10
2026-09-08 01:34:01,375 INFO o.a.j.t.JMeterThread: Thread started: TG-A NFR-PERF-1 20VU 1-11
2026-09-08 01:34:02,127 INFO o.a.j.t.JMeterThread: Thread started: TG-A NFR-PERF-1 20VU 1-12
2026-09-08 01:34:02,875 INFO o.a.j.t.JMeterThread: Thread started: TG-A NFR-PERF-1 20VU 1-13
2026-09-08 01:34:03,624 INFO o.a.j.t.JMeterThread: Thread started: TG-A NFR-PERF-1 20VU 1-14
2026-09-08 01:34:04,376 INFO o.a.j.t.JMeterThread: Thread started: TG-A NFR-PERF-1 20VU 1-15
2026-09-08 01:34:05,124 INFO o.a.j.t.JMeterThread: Thread started: TG-A NFR-PERF-1 20VU 1-16
2026-09-08 01:34:05,875 INFO o.a.j.t.JMeterThread: Thread started: TG-A NFR-PERF-1 20VU 1-17
2026-09-08 01:34:06,624 INFO o.a.j.t.JMeterThread: Thread started: TG-A NFR-PERF-1 20VU 1-18
2026-09-08 01:34:07,373 INFO o.a.j.t.JMeterThread: Thread started: TG-A NFR-PERF-1 20VU 1-19
2026-09-08 01:34:08,125 INFO o.a.j.t.JMeterThread: Thread started: TG-A NFR-PERF-1 20VU 1-20
2026-09-08 01:34:14,206 INFO o.a.j.t.JMeterThread: Thread is done: TG-A NFR-PERF-1 20VU 1-1
2026-09-08 01:34:14,206 INFO o.a.j.t.JMeterThread: Thread finished: TG-A NFR-PERF-1 20VU 1-1
2026-09-08 01:34:14,675 INFO o.a.j.t.JMeterThread: Thread is done: TG-A NFR-PERF-1 20VU 1-2
2026-09-08 01:34:14,676 INFO o.a.j.t.JMeterThread: Thread finished: TG-A NFR-PERF-1 20VU 1-2
2026-09-08 01:34:15,431 INFO o.a.j.t.JMeterThread: Thread is done: TG-A NFR-PERF-1 20VU 1-3
2026-09-08 01:34:15,431 INFO o.a.j.t.JMeterThread: Thread finished: TG-A NFR-PERF-1 20VU 1-3
2026-09-08 01:34:16,180 INFO o.a.j.t.JMeterThread: Thread is done: TG-A NFR-PERF-1 20VU 1-4
2026-09-08 01:34:16,180 INFO o.a.j.t.JMeterThread: Thread finished: TG-A NFR-PERF-1 20VU 1-4
2026-09-08 01:34:16,926 INFO o.a.j.t.JMeterThread: Thread is done: TG-A NFR-PERF-1 20VU 1-5
2026-09-08 01:34:16,927 INFO o.a.j.t.JMeterThread: Thread finished: TG-A NFR-PERF-1 20VU 1-5
2026-09-08 01:34:17,678 INFO o.a.j.t.JMeterThread: Thread is done: TG-A NFR-PERF-1 20VU 1-6
2026-09-08 01:34:17,679 INFO o.a.j.t.JMeterThread: Thread finished: TG-A NFR-PERF-1 20VU 1-6
2026-09-08 01:34:18,425 INFO o.a.j.t.JMeterThread: Thread is done: TG-A NFR-PERF-1 20VU 1-7
2026-09-08 01:34:18,426 INFO o.a.j.t.JMeterThread: Thread finished: TG-A NFR-PERF-1 20VU 1-7
2026-09-08 01:34:19,179 INFO o.a.j.t.JMeterThread: Thread is done: TG-A NFR-PERF-1 20VU 1-8
2026-09-08 01:34:19,180 INFO o.a.j.t.JMeterThread: Thread finished: TG-A NFR-PERF-1 20VU 1-8
2026-09-08 01:34:19,920 INFO o.a.j.t.JMeterThread: Thread is done: TG-A NFR-PERF-1 20VU 1-9
2026-09-08 01:34:19,920 INFO o.a.j.t.JMeterThread: Thread finished: TG-A NFR-PERF-1 20VU 1-9
2026-09-08 01:34:20,670 INFO o.a.j.t.JMeterThread: Thread is done: TG-A NFR-PERF-1 20VU 1-10
2026-09-08 01:34:20,671 INFO o.a.j.t.JMeterThread: Thread finished: TG-A NFR-PERF-1 20VU 1-10
2026-09-08 01:34:21,417 INFO o.a.j.t.JMeterThread: Thread is done: TG-A NFR-PERF-1 20VU 1-11
2026-09-08 01:34:21,417 INFO o.a.j.t.JMeterThread: Thread finished: TG-A NFR-PERF-1 20VU 1-11
2026-09-08 01:34:22,173 INFO o.a.j.t.JMeterThread: Thread is done: TG-A NFR-PERF-1 20VU 1-12
2026-09-08 01:34:22,174 INFO o.a.j.t.JMeterThread: Thread finished: TG-A NFR-PERF-1 20VU 1-12
2026-09-08 01:34:22,921 INFO o.a.j.t.JMeterThread: Thread is done: TG-A NFR-PERF-1 20VU 1-13
2026-09-08 01:34:22,921 INFO o.a.j.t.JMeterThread: Thread finished: TG-A NFR-PERF-1 20VU 1-13
2026-09-08 01:34:23,672 INFO o.a.j.t.JMeterThread: Thread is done: TG-A NFR-PERF-1 20VU 1-14
2026-09-08 01:34:23,672 INFO o.a.j.t.JMeterThread: Thread finished: TG-A NFR-PERF-1 20VU 1-14
2026-09-08 01:34:24,421 INFO o.a.j.t.JMeterThread: Thread is done: TG-A NFR-PERF-1 20VU 1-15
2026-09-08 01:34:24,421 INFO o.a.j.t.JMeterThread: Thread finished: TG-A NFR-PERF-1 20VU 1-15
2026-09-08 01:34:25,173 INFO o.a.j.t.JMeterThread: Thread is done: TG-A NFR-PERF-1 20VU 1-16
2026-09-08 01:34:25,173 INFO o.a.j.t.JMeterThread: Thread finished: TG-A NFR-PERF-1 20VU 1-16
2026-09-08 01:34:25,921 INFO o.a.j.t.JMeterThread: Thread is done: TG-A NFR-PERF-1 20VU 1-17
2026-09-08 01:34:25,921 INFO o.a.j.t.JMeterThread: Thread finished: TG-A NFR-PERF-1 20VU 1-17
2026-09-08 01:34:26,684 INFO o.a.j.t.JMeterThread: Thread is done: TG-A NFR-PERF-1 20VU 1-18
2026-09-08 01:34:26,685 INFO o.a.j.t.JMeterThread: Thread finished: TG-A NFR-PERF-1 20VU 1-18
2026-09-08 01:34:27,423 INFO o.a.j.t.JMeterThread: Thread is done: TG-A NFR-PERF-1 20VU 1-19
2026-09-08 01:34:27,425 INFO o.a.j.t.JMeterThread: Thread finished: TG-A NFR-PERF-1 20VU 1-19
2026-09-08 01:34:28,173 INFO o.a.j.t.JMeterThread: Thread is done: TG-A NFR-PERF-1 20VU 1-20
2026-09-08 01:34:28,173 INFO o.a.j.t.JMeterThread: Thread finished: TG-A NFR-PERF-1 20VU 1-20
2026-09-08 01:34:28,174 INFO o.a.j.e.StandardJMeterEngine: Starting ThreadGroup: 2 : TG-B Concurrencia 50VU
2026-09-08 01:34:28,175 INFO o.a.j.e.StandardJMeterEngine: Starting 50 threads for group TG-B Concurrencia 50VU.
2026-09-08 01:34:28,175 INFO o.a.j.e.StandardJMeterEngine: Thread will continue on error
2026-09-08 01:34:28,176 INFO o.a.j.t.ThreadGroup: Starting thread group... number=2 threads=50 ramp-up=20 delayedStart=false
2026-09-08 01:34:28,182 INFO o.a.j.t.JMeterThread: Thread started: TG-B Concurrencia 50VU 2-1
2026-09-08 01:34:28,210 INFO o.a.j.t.ThreadGroup: Started thread group number 2
2026-09-08 01:34:28,211 INFO o.a.j.e.StandardJMeterEngine: All thread groups have been started
2026-09-08 01:34:28,581 INFO o.a.j.t.JMeterThread: Thread started: TG-B Concurrencia 50VU 2-2
2026-09-08 01:34:28,980 INFO o.a.j.t.JMeterThread: Thread started: TG-B Concurrencia 50VU 2-3
2026-09-08 01:34:29,381 INFO o.a.j.t.JMeterThread: Thread started: TG-B Concurrencia 50VU 2-4
2026-09-08 01:34:29,783 INFO o.a.j.t.JMeterThread: Thread started: TG-B Concurrencia 50VU 2-5
2026-09-08 01:34:30,182 INFO o.a.j.t.JMeterThread: Thread started: TG-B Concurrencia 50VU 2-6
2026-09-08 01:34:30,193 INFO o.a.j.r.Summariser: summary +    114 in 00:00:30 =    3.8/s Avg:  3384 Min:     6 Max:  5016 Err:     0 (0.00%) Active: 6 Started: 26 Finished: 20
2026-09-08 01:34:30,194 INFO o.a.j.r.Summariser: summary =    126 in 00:00:36 =    3.5/s Avg:  3182 Min:     6 Max:  5016 Err:     0 (0.00%)
2026-09-08 01:34:30,579 INFO o.a.j.t.JMeterThread: Thread started: TG-B Concurrencia 50VU 2-7
2026-09-08 01:34:30,979 INFO o.a.j.t.JMeterThread: Thread started: TG-B Concurrencia 50VU 2-8
2026-09-08 01:34:31,378 INFO o.a.j.t.JMeterThread: Thread started: TG-B Concurrencia 50VU 2-9
2026-09-08 01:34:31,776 INFO o.a.j.t.JMeterThread: Thread started: TG-B Concurrencia 50VU 2-10
2026-09-08 01:34:32,177 INFO o.a.j.t.JMeterThread: Thread started: TG-B Concurrencia 50VU 2-11
2026-09-08 01:34:32,576 INFO o.a.j.t.JMeterThread: Thread started: TG-B Concurrencia 50VU 2-12
2026-09-08 01:34:32,977 INFO o.a.j.t.JMeterThread: Thread started: TG-B Concurrencia 50VU 2-13
2026-09-08 01:34:33,217 INFO o.a.j.t.JMeterThread: Thread is done: TG-B Concurrencia 50VU 2-1
2026-09-08 01:34:33,217 INFO o.a.j.t.JMeterThread: Thread finished: TG-B Concurrencia 50VU 2-1
2026-09-08 01:34:33,377 INFO o.a.j.t.JMeterThread: Thread started: TG-B Concurrencia 50VU 2-14
2026-09-08 01:34:33,603 INFO o.a.j.t.JMeterThread: Thread is done: TG-B Concurrencia 50VU 2-2
2026-09-08 01:34:33,604 INFO o.a.j.t.JMeterThread: Thread finished: TG-B Concurrencia 50VU 2-2
2026-09-08 01:34:33,777 INFO o.a.j.t.JMeterThread: Thread started: TG-B Concurrencia 50VU 2-15
2026-09-08 01:34:34,001 INFO o.a.j.t.JMeterThread: Thread is done: TG-B Concurrencia 50VU 2-3
2026-09-08 01:34:34,001 INFO o.a.j.t.JMeterThread: Thread finished: TG-B Concurrencia 50VU 2-3
2026-09-08 01:34:34,177 INFO o.a.j.t.JMeterThread: Thread started: TG-B Concurrencia 50VU 2-16
2026-09-08 01:34:34,403 INFO o.a.j.t.JMeterThread: Thread is done: TG-B Concurrencia 50VU 2-4
2026-09-08 01:34:34,403 INFO o.a.j.t.JMeterThread: Thread finished: TG-B Concurrencia 50VU 2-4
2026-09-08 01:34:34,577 INFO o.a.j.t.JMeterThread: Thread started: TG-B Concurrencia 50VU 2-17
2026-09-08 01:34:34,806 INFO o.a.j.t.JMeterThread: Thread is done: TG-B Concurrencia 50VU 2-5
2026-09-08 01:34:34,806 INFO o.a.j.t.JMeterThread: Thread finished: TG-B Concurrencia 50VU 2-5
2026-09-08 01:34:34,977 INFO o.a.j.t.JMeterThread: Thread started: TG-B Concurrencia 50VU 2-18
2026-09-08 01:34:35,205 INFO o.a.j.t.JMeterThread: Thread is done: TG-B Concurrencia 50VU 2-6
2026-09-08 01:34:35,206 INFO o.a.j.t.JMeterThread: Thread finished: TG-B Concurrencia 50VU 2-6
2026-09-08 01:34:35,377 INFO o.a.j.t.JMeterThread: Thread started: TG-B Concurrencia 50VU 2-19
2026-09-08 01:34:35,603 INFO o.a.j.t.JMeterThread: Thread is done: TG-B Concurrencia 50VU 2-7
2026-09-08 01:34:35,604 INFO o.a.j.t.JMeterThread: Thread finished: TG-B Concurrencia 50VU 2-7
2026-09-08 01:34:35,777 INFO o.a.j.t.JMeterThread: Thread started: TG-B Concurrencia 50VU 2-20
2026-09-08 01:34:36,006 INFO o.a.j.t.JMeterThread: Thread is done: TG-B Concurrencia 50VU 2-8
2026-09-08 01:34:36,006 INFO o.a.j.t.JMeterThread: Thread finished: TG-B Concurrencia 50VU 2-8
2026-09-08 01:34:36,178 INFO o.a.j.t.JMeterThread: Thread started: TG-B Concurrencia 50VU 2-21
2026-09-08 01:34:36,399 INFO o.a.j.t.JMeterThread: Thread is done: TG-B Concurrencia 50VU 2-9
2026-09-08 01:34:36,399 INFO o.a.j.t.JMeterThread: Thread finished: TG-B Concurrencia 50VU 2-9
2026-09-08 01:34:36,578 INFO o.a.j.t.JMeterThread: Thread started: TG-B Concurrencia 50VU 2-22
2026-09-08 01:34:36,795 INFO o.a.j.t.JMeterThread: Thread is done: TG-B Concurrencia 50VU 2-10
2026-09-08 01:34:36,796 INFO o.a.j.t.JMeterThread: Thread finished: TG-B Concurrencia 50VU 2-10
2026-09-08 01:34:36,977 INFO o.a.j.t.JMeterThread: Thread started: TG-B Concurrencia 50VU 2-23
2026-09-08 01:34:37,197 INFO o.a.j.t.JMeterThread: Thread is done: TG-B Concurrencia 50VU 2-11
2026-09-08 01:34:37,197 INFO o.a.j.t.JMeterThread: Thread finished: TG-B Concurrencia 50VU 2-11
2026-09-08 01:34:37,376 INFO o.a.j.t.JMeterThread: Thread started: TG-B Concurrencia 50VU 2-24
2026-09-08 01:34:37,595 INFO o.a.j.t.JMeterThread: Thread is done: TG-B Concurrencia 50VU 2-12
2026-09-08 01:34:37,595 INFO o.a.j.t.JMeterThread: Thread finished: TG-B Concurrencia 50VU 2-12
2026-09-08 01:34:37,777 INFO o.a.j.t.JMeterThread: Thread started: TG-B Concurrencia 50VU 2-25
2026-09-08 01:34:37,993 INFO o.a.j.t.JMeterThread: Thread is done: TG-B Concurrencia 50VU 2-13
2026-09-08 01:34:37,993 INFO o.a.j.t.JMeterThread: Thread finished: TG-B Concurrencia 50VU 2-13
2026-09-08 01:34:38,177 INFO o.a.j.t.JMeterThread: Thread started: TG-B Concurrencia 50VU 2-26
2026-09-08 01:34:38,403 INFO o.a.j.t.JMeterThread: Thread is done: TG-B Concurrencia 50VU 2-14
2026-09-08 01:34:38,404 INFO o.a.j.t.JMeterThread: Thread finished: TG-B Concurrencia 50VU 2-14
2026-09-08 01:34:38,577 INFO o.a.j.t.JMeterThread: Thread started: TG-B Concurrencia 50VU 2-27
2026-09-08 01:34:38,798 INFO o.a.j.t.JMeterThread: Thread is done: TG-B Concurrencia 50VU 2-15
2026-09-08 01:34:38,799 INFO o.a.j.t.JMeterThread: Thread finished: TG-B Concurrencia 50VU 2-15
2026-09-08 01:34:38,977 INFO o.a.j.t.JMeterThread: Thread started: TG-B Concurrencia 50VU 2-28
2026-09-08 01:34:39,200 INFO o.a.j.t.JMeterThread: Thread is done: TG-B Concurrencia 50VU 2-16
2026-09-08 01:34:39,200 INFO o.a.j.t.JMeterThread: Thread finished: TG-B Concurrencia 50VU 2-16
2026-09-08 01:34:39,377 INFO o.a.j.t.JMeterThread: Thread started: TG-B Concurrencia 50VU 2-29
2026-09-08 01:34:39,601 INFO o.a.j.t.JMeterThread: Thread is done: TG-B Concurrencia 50VU 2-17
2026-09-08 01:34:39,603 INFO o.a.j.t.JMeterThread: Thread finished: TG-B Concurrencia 50VU 2-17
2026-09-08 01:34:39,776 INFO o.a.j.t.JMeterThread: Thread started: TG-B Concurrencia 50VU 2-30
2026-09-08 01:34:40,000 INFO o.a.j.t.JMeterThread: Thread is done: TG-B Concurrencia 50VU 2-18
2026-09-08 01:34:40,000 INFO o.a.j.t.JMeterThread: Thread finished: TG-B Concurrencia 50VU 2-18
2026-09-08 01:34:40,177 INFO o.a.j.t.JMeterThread: Thread started: TG-B Concurrencia 50VU 2-31
2026-09-08 01:34:40,402 INFO o.a.j.t.JMeterThread: Thread is done: TG-B Concurrencia 50VU 2-19
2026-09-08 01:34:40,403 INFO o.a.j.t.JMeterThread: Thread finished: TG-B Concurrencia 50VU 2-19
2026-09-08 01:34:40,577 INFO o.a.j.t.JMeterThread: Thread started: TG-B Concurrencia 50VU 2-32
2026-09-08 01:34:40,798 INFO o.a.j.t.JMeterThread: Thread is done: TG-B Concurrencia 50VU 2-20
2026-09-08 01:34:40,798 INFO o.a.j.t.JMeterThread: Thread finished: TG-B Concurrencia 50VU 2-20
2026-09-08 01:34:40,977 INFO o.a.j.t.JMeterThread: Thread started: TG-B Concurrencia 50VU 2-33
2026-09-08 01:34:41,199 INFO o.a.j.t.JMeterThread: Thread is done: TG-B Concurrencia 50VU 2-21
2026-09-08 01:34:41,199 INFO o.a.j.t.JMeterThread: Thread finished: TG-B Concurrencia 50VU 2-21
2026-09-08 01:34:41,377 INFO o.a.j.t.JMeterThread: Thread started: TG-B Concurrencia 50VU 2-34
2026-09-08 01:34:41,599 INFO o.a.j.t.JMeterThread: Thread is done: TG-B Concurrencia 50VU 2-22
2026-09-08 01:34:41,600 INFO o.a.j.t.JMeterThread: Thread finished: TG-B Concurrencia 50VU 2-22
2026-09-08 01:34:41,777 INFO o.a.j.t.JMeterThread: Thread started: TG-B Concurrencia 50VU 2-35
2026-09-08 01:34:41,997 INFO o.a.j.t.JMeterThread: Thread is done: TG-B Concurrencia 50VU 2-23
2026-09-08 01:34:41,997 INFO o.a.j.t.JMeterThread: Thread finished: TG-B Concurrencia 50VU 2-23
2026-09-08 01:34:42,176 INFO o.a.j.t.JMeterThread: Thread started: TG-B Concurrencia 50VU 2-36
2026-09-08 01:34:42,393 INFO o.a.j.t.JMeterThread: Thread is done: TG-B Concurrencia 50VU 2-24
2026-09-08 01:34:42,394 INFO o.a.j.t.JMeterThread: Thread finished: TG-B Concurrencia 50VU 2-24
2026-09-08 01:34:42,577 INFO o.a.j.t.JMeterThread: Thread started: TG-B Concurrencia 50VU 2-37
2026-09-08 01:34:42,796 INFO o.a.j.t.JMeterThread: Thread is done: TG-B Concurrencia 50VU 2-25
2026-09-08 01:34:42,796 INFO o.a.j.t.JMeterThread: Thread finished: TG-B Concurrencia 50VU 2-25
2026-09-08 01:34:42,976 INFO o.a.j.t.JMeterThread: Thread started: TG-B Concurrencia 50VU 2-38
2026-09-08 01:34:43,197 INFO o.a.j.t.JMeterThread: Thread is done: TG-B Concurrencia 50VU 2-26
2026-09-08 01:34:43,198 INFO o.a.j.t.JMeterThread: Thread finished: TG-B Concurrencia 50VU 2-26
2026-09-08 01:34:43,378 INFO o.a.j.t.JMeterThread: Thread started: TG-B Concurrencia 50VU 2-39
2026-09-08 01:34:43,594 INFO o.a.j.t.JMeterThread: Thread is done: TG-B Concurrencia 50VU 2-27
2026-09-08 01:34:43,595 INFO o.a.j.t.JMeterThread: Thread finished: TG-B Concurrencia 50VU 2-27
2026-09-08 01:34:43,777 INFO o.a.j.t.JMeterThread: Thread started: TG-B Concurrencia 50VU 2-40
2026-09-08 01:34:43,994 INFO o.a.j.t.JMeterThread: Thread is done: TG-B Concurrencia 50VU 2-28
2026-09-08 01:34:43,994 INFO o.a.j.t.JMeterThread: Thread finished: TG-B Concurrencia 50VU 2-28
2026-09-08 01:34:44,176 INFO o.a.j.t.JMeterThread: Thread started: TG-B Concurrencia 50VU 2-41
2026-09-08 01:34:44,395 INFO o.a.j.t.JMeterThread: Thread is done: TG-B Concurrencia 50VU 2-29
2026-09-08 01:34:44,395 INFO o.a.j.t.JMeterThread: Thread finished: TG-B Concurrencia 50VU 2-29
2026-09-08 01:34:44,577 INFO o.a.j.t.JMeterThread: Thread started: TG-B Concurrencia 50VU 2-42
2026-09-08 01:34:44,794 INFO o.a.j.t.JMeterThread: Thread is done: TG-B Concurrencia 50VU 2-30
2026-09-08 01:34:44,795 INFO o.a.j.t.JMeterThread: Thread finished: TG-B Concurrencia 50VU 2-30
2026-09-08 01:34:44,978 INFO o.a.j.t.JMeterThread: Thread started: TG-B Concurrencia 50VU 2-43
2026-09-08 01:34:45,196 INFO o.a.j.t.JMeterThread: Thread is done: TG-B Concurrencia 50VU 2-31
2026-09-08 01:34:45,197 INFO o.a.j.t.JMeterThread: Thread finished: TG-B Concurrencia 50VU 2-31
2026-09-08 01:34:45,377 INFO o.a.j.t.JMeterThread: Thread started: TG-B Concurrencia 50VU 2-44
2026-09-08 01:34:45,597 INFO o.a.j.t.JMeterThread: Thread is done: TG-B Concurrencia 50VU 2-32
2026-09-08 01:34:45,598 INFO o.a.j.t.JMeterThread: Thread finished: TG-B Concurrencia 50VU 2-32
2026-09-08 01:34:45,777 INFO o.a.j.t.JMeterThread: Thread started: TG-B Concurrencia 50VU 2-45
2026-09-08 01:34:45,995 INFO o.a.j.t.JMeterThread: Thread is done: TG-B Concurrencia 50VU 2-33
2026-09-08 01:34:45,995 INFO o.a.j.t.JMeterThread: Thread finished: TG-B Concurrencia 50VU 2-33
2026-09-08 01:34:46,178 INFO o.a.j.t.JMeterThread: Thread started: TG-B Concurrencia 50VU 2-46
2026-09-08 01:34:46,398 INFO o.a.j.t.JMeterThread: Thread is done: TG-B Concurrencia 50VU 2-34
2026-09-08 01:34:46,399 INFO o.a.j.t.JMeterThread: Thread finished: TG-B Concurrencia 50VU 2-34
2026-09-08 01:34:46,577 INFO o.a.j.t.JMeterThread: Thread started: TG-B Concurrencia 50VU 2-47
2026-09-08 01:34:46,797 INFO o.a.j.t.JMeterThread: Thread is done: TG-B Concurrencia 50VU 2-35
2026-09-08 01:34:46,798 INFO o.a.j.t.JMeterThread: Thread finished: TG-B Concurrencia 50VU 2-35
2026-09-08 01:34:46,978 INFO o.a.j.t.JMeterThread: Thread started: TG-B Concurrencia 50VU 2-48
2026-09-08 01:34:47,200 INFO o.a.j.t.JMeterThread: Thread is done: TG-B Concurrencia 50VU 2-36
2026-09-08 01:34:47,201 INFO o.a.j.t.JMeterThread: Thread finished: TG-B Concurrencia 50VU 2-36
2026-09-08 01:34:47,377 INFO o.a.j.t.JMeterThread: Thread started: TG-B Concurrencia 50VU 2-49
2026-09-08 01:34:47,599 INFO o.a.j.t.JMeterThread: Thread is done: TG-B Concurrencia 50VU 2-37
2026-09-08 01:34:47,599 INFO o.a.j.t.JMeterThread: Thread finished: TG-B Concurrencia 50VU 2-37
2026-09-08 01:34:47,777 INFO o.a.j.t.JMeterThread: Thread started: TG-B Concurrencia 50VU 2-50
2026-09-08 01:34:47,996 INFO o.a.j.t.JMeterThread: Thread is done: TG-B Concurrencia 50VU 2-38
2026-09-08 01:34:47,996 INFO o.a.j.t.JMeterThread: Thread finished: TG-B Concurrencia 50VU 2-38
2026-09-08 01:34:48,404 INFO o.a.j.t.JMeterThread: Thread is done: TG-B Concurrencia 50VU 2-39
2026-09-08 01:34:48,404 INFO o.a.j.t.JMeterThread: Thread finished: TG-B Concurrencia 50VU 2-39
2026-09-08 01:34:48,796 INFO o.a.j.t.JMeterThread: Thread is done: TG-B Concurrencia 50VU 2-40
2026-09-08 01:34:48,797 INFO o.a.j.t.JMeterThread: Thread finished: TG-B Concurrencia 50VU 2-40
2026-09-08 01:34:49,197 INFO o.a.j.t.JMeterThread: Thread is done: TG-B Concurrencia 50VU 2-41
2026-09-08 01:34:49,198 INFO o.a.j.t.JMeterThread: Thread finished: TG-B Concurrencia 50VU 2-41
2026-09-08 01:34:49,599 INFO o.a.j.t.JMeterThread: Thread is done: TG-B Concurrencia 50VU 2-42
2026-09-08 01:34:49,600 INFO o.a.j.t.JMeterThread: Thread finished: TG-B Concurrencia 50VU 2-42
2026-09-08 01:34:49,997 INFO o.a.j.t.JMeterThread: Thread is done: TG-B Concurrencia 50VU 2-43
2026-09-08 01:34:49,997 INFO o.a.j.t.JMeterThread: Thread finished: TG-B Concurrencia 50VU 2-43
2026-09-08 01:34:50,397 INFO o.a.j.t.JMeterThread: Thread is done: TG-B Concurrencia 50VU 2-44
2026-09-08 01:34:50,397 INFO o.a.j.t.JMeterThread: Thread finished: TG-B Concurrencia 50VU 2-44
2026-09-08 01:34:50,796 INFO o.a.j.t.JMeterThread: Thread is done: TG-B Concurrencia 50VU 2-45
2026-09-08 01:34:50,797 INFO o.a.j.t.JMeterThread: Thread finished: TG-B Concurrencia 50VU 2-45
2026-09-08 01:34:51,197 INFO o.a.j.t.JMeterThread: Thread is done: TG-B Concurrencia 50VU 2-46
2026-09-08 01:34:51,197 INFO o.a.j.t.JMeterThread: Thread finished: TG-B Concurrencia 50VU 2-46
2026-09-08 01:34:51,593 INFO o.a.j.t.JMeterThread: Thread is done: TG-B Concurrencia 50VU 2-47
2026-09-08 01:34:51,594 INFO o.a.j.t.JMeterThread: Thread finished: TG-B Concurrencia 50VU 2-47
2026-09-08 01:34:51,994 INFO o.a.j.t.JMeterThread: Thread is done: TG-B Concurrencia 50VU 2-48
2026-09-08 01:34:51,995 INFO o.a.j.t.JMeterThread: Thread finished: TG-B Concurrencia 50VU 2-48
2026-09-08 01:34:52,399 INFO o.a.j.t.JMeterThread: Thread is done: TG-B Concurrencia 50VU 2-49
2026-09-08 01:34:52,401 INFO o.a.j.t.JMeterThread: Thread finished: TG-B Concurrencia 50VU 2-49
2026-09-08 01:34:52,797 INFO o.a.j.t.JMeterThread: Thread is done: TG-B Concurrencia 50VU 2-50
2026-09-08 01:34:52,798 INFO o.a.j.t.JMeterThread: Thread finished: TG-B Concurrencia 50VU 2-50
2026-09-08 01:34:52,798 INFO o.a.j.e.StandardJMeterEngine: Notifying test listeners of end of test
2026-09-08 01:34:52,800 INFO o.a.j.r.Summariser: summary +     94 in 00:00:23 =    4.2/s Avg:  2668 Min:     7 Max:  5013 Err:     0 (0.00%) Active: 0 Started: 70 Finished: 70
2026-09-08 01:34:52,800 INFO o.a.j.r.Summariser: summary =    220 in 00:00:59 =    3.7/s Avg:  2963 Min:     6 Max:  5016 Err:     0 (0.00%)
2026-09-08 01:34:52,801 INFO o.a.j.JMeter: Generating Dashboard
2026-09-08 01:34:52,801 INFO o.a.j.r.d.ReportGenerator: Flushing result collector before report Generation
2026-09-08 01:34:52,827 INFO o.a.j.r.p.NormalizerSampleConsumer: Using format, 'ms', to parse timeStamp field
2026-09-08 01:34:52,894 INFO o.a.j.r.p.AbstractSampleConsumer: class org.apache.jmeter.report.processor.AggregateConsumer#stopProducing(): beginDate produced 0 samples
2026-09-08 01:34:52,895 INFO o.a.j.r.p.AbstractSampleConsumer: class org.apache.jmeter.report.processor.AggregateConsumer#stopProducing(): endDate produced 0 samples
2026-09-08 01:34:52,897 INFO o.a.j.r.p.AbstractSampleConsumer: class org.apache.jmeter.report.processor.ApdexSummaryConsumer#stopProducing(): apdexSummary produced 0 samples
2026-09-08 01:34:52,897 INFO o.a.j.r.p.AbstractSampleConsumer: class org.apache.jmeter.report.processor.RequestsSummaryConsumer#stopProducing(): requestsSummary produced 0 samples
2026-09-08 01:34:52,901 INFO o.a.j.r.p.AbstractSampleConsumer: class org.apache.jmeter.report.processor.StatisticsSummaryConsumer#stopProducing(): statisticsSummary produced 0 samples
2026-09-08 01:34:52,905 INFO o.a.j.r.p.AbstractSampleConsumer: class org.apache.jmeter.report.processor.Top5ErrorsBySamplerConsumer#stopProducing(): top5ErrorsBySampler produced 0 samples
2026-09-08 01:34:52,905 INFO o.a.j.r.p.AbstractSampleConsumer: class org.apache.jmeter.report.processor.ErrorsSummaryConsumer#stopProducing(): errorsSummary produced 0 samples
2026-09-08 01:34:52,905 INFO o.a.j.r.p.AbstractSampleConsumer: class org.apache.jmeter.report.processor.graph.impl.HitsPerSecondGraphConsumer#stopProducing(): hitsPerSecond produced 0 samples
2026-09-08 01:34:52,915 INFO o.a.j.r.p.AbstractSampleConsumer: class org.apache.jmeter.report.processor.graph.impl.LatencyVSRequestGraphConsumer#stopProducing(): latencyVsRequest produced 0 samples
2026-09-08 01:34:52,916 INFO o.a.j.r.p.AbstractSampleConsumer: class org.apache.jmeter.report.processor.graph.impl.SyntheticResponseTimeDistributionGraphConsumer#stopProducing(): syntheticResponseTimeDistribution produced 0 samples
2026-09-08 01:34:52,916 INFO o.a.j.r.p.AbstractSampleConsumer: class org.apache.jmeter.report.processor.graph.impl.BytesThroughputGraphConsumer#stopProducing(): bytesThroughputOverTime produced 0 samples
2026-09-08 01:34:52,917 INFO o.a.j.r.p.AbstractSampleConsumer: class org.apache.jmeter.report.processor.graph.impl.CodesPerSecondGraphConsumer#stopProducing(): codesPerSecond produced 0 samples
2026-09-08 01:34:52,920 INFO o.a.j.r.p.AbstractSampleConsumer: class org.apache.jmeter.report.processor.graph.impl.ResponseTimeVSRequestGraphConsumer#stopProducing(): responseTimeVsRequest produced 0 samples
2026-09-08 01:34:52,921 INFO o.a.j.r.p.AbstractSampleConsumer: class org.apache.jmeter.report.processor.FilterConsumer#stopProducing(): startIntervalControlerFilter produced 1540 samples
2026-09-08 01:34:52,922 INFO o.a.j.r.p.AbstractSampleConsumer: class org.apache.jmeter.report.processor.graph.impl.TotalTPSGraphConsumer#stopProducing(): totalTPS produced 0 samples
2026-09-08 01:34:52,922 INFO o.a.j.r.p.AbstractSampleConsumer: class org.apache.jmeter.report.processor.graph.impl.ActiveThreadsGraphConsumer#stopProducing(): activeThreadsOverTime produced 0 samples
2026-09-08 01:34:52,922 INFO o.a.j.r.p.AbstractSampleConsumer: class org.apache.jmeter.report.processor.graph.impl.TimeVSThreadGraphConsumer#stopProducing(): timeVsThreads produced 0 samples
2026-09-08 01:34:52,923 INFO o.a.j.r.p.AbstractSampleConsumer: class org.apache.jmeter.report.processor.graph.impl.ResponseTimeDistributionGraphConsumer#stopProducing(): responseTimeDistribution produced 0 samples
2026-09-08 01:34:52,924 INFO o.a.j.r.p.AbstractSampleConsumer: class org.apache.jmeter.report.processor.graph.impl.TransactionsPerSecondGraphConsumer#stopProducing(): transactionsPerSecond produced 0 samples
2026-09-08 01:34:52,924 INFO o.a.j.r.p.AbstractSampleConsumer: class org.apache.jmeter.report.processor.graph.impl.ResponseTimePercentilesGraphConsumer#stopProducing(): responseTimePercentiles produced 0 samples
2026-09-08 01:34:52,926 INFO o.a.j.r.p.AbstractSampleConsumer: class org.apache.jmeter.report.processor.graph.impl.ResponseTimePercentilesOverTimeGraphConsumer#stopProducing(): responseTimePercentilesOverTime produced 0 samples
2026-09-08 01:34:52,927 INFO o.a.j.r.p.AbstractSampleConsumer: class org.apache.jmeter.report.processor.graph.impl.ResponseTimeOverTimeGraphConsumer#stopProducing(): responseTimesOverTime produced 0 samples
2026-09-08 01:34:52,927 INFO o.a.j.r.p.AbstractSampleConsumer: class org.apache.jmeter.report.processor.graph.impl.ConnectTimeOverTimeGraphConsumer#stopProducing(): connectTimeOverTime produced 0 samples
2026-09-08 01:34:52,927 INFO o.a.j.r.p.AbstractSampleConsumer: class org.apache.jmeter.report.processor.graph.impl.LatencyOverTimeGraphConsumer#stopProducing(): latenciesOverTime produced 0 samples
2026-09-08 01:34:52,928 INFO o.a.j.r.p.AbstractSampleConsumer: class org.apache.jmeter.report.processor.FilterConsumer#stopProducing(): nameFilter produced 3300 samples
2026-09-08 01:34:52,928 INFO o.a.j.r.p.AbstractSampleConsumer: class org.apache.jmeter.report.processor.FilterConsumer#stopProducing(): dateRangeFilter produced 660 samples
2026-09-08 01:34:52,928 INFO o.a.j.r.p.AbstractSampleConsumer: class org.apache.jmeter.report.processor.NormalizerSampleConsumer#stopProducing(): normalizer produced 220 samples
2026-09-08 01:34:52,929 INFO o.a.j.r.p.CsvFileSampleSource: produce(): 220 samples produced in 82ms on channel 0
2026-09-08 01:34:52,929 INFO o.a.j.r.d.ReportGenerator: Exporting data using exporter:'json' of className:'org.apache.jmeter.report.dashboard.JsonExporter'
2026-09-08 01:34:53,035 INFO o.a.j.r.d.JsonExporter: Found data for consumer statisticsSummary in context
2026-09-08 01:34:53,036 INFO o.a.j.r.d.JsonExporter: Creating statistics for overall
2026-09-08 01:34:53,037 INFO o.a.j.r.d.JsonExporter: Creating statistics for other transactions
2026-09-08 01:34:53,037 INFO o.a.j.r.d.JsonExporter: Checking output folder
2026-09-08 01:34:53,040 INFO o.a.j.r.d.JsonExporter: Writing statistics JSON to /tests/html_report/statistics.json
2026-09-08 01:34:53,081 INFO o.a.j.r.d.ReportGenerator: Exporting data using exporter:'html' of className:'org.apache.jmeter.report.dashboard.HtmlTemplateExporter'
2026-09-08 01:34:53,090 INFO o.a.j.r.d.HtmlTemplateExporter: Will generate dashboard in folder: /tests/html_report
2026-09-08 01:34:53,215 INFO o.a.j.r.d.HtmlTemplateExporter: Report will be generated in: /tests/html_report, creating folder structure
2026-09-08 01:34:53,224 INFO o.a.j.r.d.TemplateVisitor: Copying folder from '/opt/apache-jmeter-5.5/bin/report-template' to '/tests/html_report', got message: /tests/html_report, found non empty folder with following content [/tests/html_report/statistics.json], will be ignored
2026-09-08 01:34:54,539 INFO o.a.j.JMeter: Dashboard generated
